...................................XXXXXXX                               [100%]
35 passed, 7 xpassed in 3.98s
